Archive member included to satisfy reference by file (symbol)

/home/pierre/gcc-arm-none-eabi-9-2019-q4-major/bin/../lib/gcc/arm-none-eabi/9.2.1/../../../../arm-none-eabi/lib/thumb/v7-m/nofp/libc.a(lib_a-atoi.o)
                              usart1.o (atoi)
/home/pierre/gcc-arm-none-eabi-9-2019-q4-major/bin/../lib/gcc/arm-none-eabi/9.2.1/../../../../arm-none-eabi/lib/thumb/v7-m/nofp/libc.a(lib_a-memcpy.o)
                              usart1.o (memcpy)
/home/pierre/gcc-arm-none-eabi-9-2019-q4-major/bin/../lib/gcc/arm-none-eabi/9.2.1/../../../../arm-none-eabi/lib/thumb/v7-m/nofp/libc.a(lib_a-strlen-stub.o)
                              miniprintf.o (strlen)
/home/pierre/gcc-arm-none-eabi-9-2019-q4-major/bin/../lib/gcc/arm-none-eabi/9.2.1/../../../../arm-none-eabi/lib/thumb/v7-m/nofp/libc.a(lib_a-strtol.o)
                              /home/pierre/gcc-arm-none-eabi-9-2019-q4-major/bin/../lib/gcc/arm-none-eabi/9.2.1/../../../../arm-none-eabi/lib/thumb/v7-m/nofp/libc.a(lib_a-atoi.o) (_strtol_r)
/home/pierre/gcc-arm-none-eabi-9-2019-q4-major/bin/../lib/gcc/arm-none-eabi/9.2.1/../../../../arm-none-eabi/lib/thumb/v7-m/nofp/libc.a(lib_a-ctype_.o)
                              /home/pierre/gcc-arm-none-eabi-9-2019-q4-major/bin/../lib/gcc/arm-none-eabi/9.2.1/../../../../arm-none-eabi/lib/thumb/v7-m/nofp/libc.a(lib_a-strtol.o) (_ctype_)
/home/pierre/gcc-arm-none-eabi-9-2019-q4-major/bin/../lib/gcc/arm-none-eabi/9.2.1/../../../../arm-none-eabi/lib/thumb/v7-m/nofp/libc.a(lib_a-impure.o)
                              /home/pierre/gcc-arm-none-eabi-9-2019-q4-major/bin/../lib/gcc/arm-none-eabi/9.2.1/../../../../arm-none-eabi/lib/thumb/v7-m/nofp/libc.a(lib_a-strtol.o) (_impure_ptr)
/home/pierre/gcc-arm-none-eabi-9-2019-q4-major/bin/../lib/gcc/arm-none-eabi/9.2.1/thumb/v7-m/nofp/libgcc.a(_arm_muldf3.o)
                              usart1.o (__aeabi_dmul)
/home/pierre/gcc-arm-none-eabi-9-2019-q4-major/bin/../lib/gcc/arm-none-eabi/9.2.1/thumb/v7-m/nofp/libgcc.a(_arm_addsubdf3.o)
                              usart1.o (__aeabi_dsub)
/home/pierre/gcc-arm-none-eabi-9-2019-q4-major/bin/../lib/gcc/arm-none-eabi/9.2.1/thumb/v7-m/nofp/libgcc.a(_arm_cmpdf2.o)
                              usart1.o (__aeabi_dcmpge)
/home/pierre/gcc-arm-none-eabi-9-2019-q4-major/bin/../lib/gcc/arm-none-eabi/9.2.1/thumb/v7-m/nofp/libgcc.a(_arm_fixdfsi.o)
                              usart1.o (__aeabi_d2iz)
/home/pierre/stm32f103c8t6/libopencm3/lib/libopencm3_stm32f1.a(gpio.o)
                              main.o (gpio_set_mode)
/home/pierre/stm32f103c8t6/libopencm3/lib/libopencm3_stm32f1.a(rcc.o)
                              main.o (rcc_clock_setup_in_hse_8mhz_out_72mhz)
/home/pierre/stm32f103c8t6/libopencm3/lib/libopencm3_stm32f1.a(gpio_common_all.o)
                              spi2.o (gpio_set)
/home/pierre/stm32f103c8t6/libopencm3/lib/libopencm3_stm32f1.a(spi_common_all.o)
                              spi2.o (spi_reset)
/home/pierre/stm32f103c8t6/libopencm3/lib/libopencm3_stm32f1.a(spi_common_l1f124.o)
                              spi2.o (spi_init_master)
/home/pierre/stm32f103c8t6/libopencm3/lib/libopencm3_stm32f1.a(usart_common_all.o)
                              usart1.o (usart_set_baudrate)
/home/pierre/stm32f103c8t6/libopencm3/lib/libopencm3_stm32f1.a(usart_common_f124.o)
                              /home/pierre/stm32f103c8t6/libopencm3/lib/libopencm3_stm32f1.a(usart_common_all.o) (usart_send)
/home/pierre/stm32f103c8t6/libopencm3/lib/libopencm3_stm32f1.a(rcc_common_all.o)
                              main.o (rcc_periph_clock_enable)
/home/pierre/stm32f103c8t6/libopencm3/lib/libopencm3_stm32f1.a(exti_common_all.o)
                              main.o (exti_set_trigger)
/home/pierre/stm32f103c8t6/libopencm3/lib/libopencm3_stm32f1.a(flash_common_f01.o)
                              /home/pierre/stm32f103c8t6/libopencm3/lib/libopencm3_stm32f1.a(rcc.o) (flash_set_ws)
/home/pierre/stm32f103c8t6/libopencm3/lib/libopencm3_stm32f1.a(vector.o)
                              (reset_handler)
/home/pierre/stm32f103c8t6/libopencm3/lib/libopencm3_stm32f1.a(nvic.o)
                              main.o (nvic_enable_irq)
/home/pierre/stm32f103c8t6/libopencm3/lib/libopencm3_stm32f1.a(assert.o)
                              /home/pierre/stm32f103c8t6/libopencm3/lib/libopencm3_stm32f1.a(rcc.o) (cm3_assert_failed)
/home/pierre/stm32f103c8t6/libopencm3/lib/libopencm3_stm32f1.a(flash.o)
                              /home/pierre/stm32f103c8t6/libopencm3/lib/libopencm3_stm32f1.a(flash_common_f01.o) (flash_get_status_flags)

Discarded input sections

 .text          0x0000000000000000        0x0 main.o
 .data          0x0000000000000000        0x0 main.o
 .bss           0x0000000000000000        0x0 main.o
 .text          0x0000000000000000        0x0 usart1.o
 .data          0x0000000000000000        0x0 usart1.o
 .bss           0x0000000000000000        0x0 usart1.o
 .rodata.usart1_printDouble.str1.1
                0x0000000000000000        0x3 usart1.o
[...]
Memory Configuration

Name             Origin             Length             Attributes
rom              0x0000000008000000 0x0000000000010000 xr
ram              0x0000000020000000 0x0000000000005000 xrw
*default*        0x0000000000000000 0xffffffffffffffff

Linker script and memory map

LOAD main.o
LOAD usart1.o
LOAD spi2.o
LOAD nrf24.o
LOAD miniprintf.o
LOAD rtos/heap_4.o
LOAD rtos/list.o
LOAD rtos/port.o
LOAD rtos/queue.o
LOAD rtos/tasks.o
LOAD rtos/opencm3.o
START GROUP
LOAD /home/pierre/gcc-arm-none-eabi-9-2019-q4-major/bin/../lib/gcc/arm-none-eabi/9.2.1/../../../../arm-none-eabi/lib/thumb/v7-m/nofp/libc.a
LOAD /home/pierre/gcc-arm-none-eabi-9-2019-q4-major/bin/../lib/gcc/arm-none-eabi/9.2.1/thumb/v7-m/nofp/libgcc.a
LOAD /home/pierre/gcc-arm-none-eabi-9-2019-q4-major/bin/../lib/gcc/arm-none-eabi/9.2.1/../../../../arm-none-eabi/lib/thumb/v7-m/nofp/libnosys.a
END GROUP
LOAD /home/pierre/stm32f103c8t6//rtos/libwwg/libwwg.a
LOAD /home/pierre/stm32f103c8t6/libopencm3/lib/libopencm3_stm32f1.a
START GROUP
LOAD /home/pierre/gcc-arm-none-eabi-9-2019-q4-major/bin/../lib/gcc/arm-none-eabi/9.2.1/thumb/v7-m/nofp/libgcc.a
LOAD /home/pierre/gcc-arm-none-eabi-9-2019-q4-major/bin/../lib/gcc/arm-none-eabi/9.2.1/../../../../arm-none-eabi/lib/thumb/v7-m/nofp/libc.a
END GROUP
START GROUP
LOAD /home/pierre/gcc-arm-none-eabi-9-2019-q4-major/bin/../lib/gcc/arm-none-eabi/9.2.1/thumb/v7-m/nofp/libgcc.a
LOAD /home/pierre/gcc-arm-none-eabi-9-2019-q4-major/bin/../lib/gcc/arm-none-eabi/9.2.1/../../../../arm-none-eabi/lib/thumb/v7-m/nofp/libc.a
LOAD /home/pierre/gcc-arm-none-eabi-9-2019-q4-major/bin/../lib/gcc/arm-none-eabi/9.2.1/../../../../arm-none-eabi/lib/thumb/v7-m/nofp/libnosys.a
END GROUP

.text           0x0000000008000000     0x2e3c
 *(.vectors)
 .vectors       0x0000000008000000      0x150 /home/pierre/stm32f103c8t6/libopencm3/lib/libopencm3_stm32f1.a(vector.o)
                0x0000000008000000                vector_table
 *(.text*)
 .text.task1    0x0000000008000150       0x20 main.o
 .text.exti0_isr
                0x0000000008000170       0x20 main.o
                0x0000000008000170                exti0_isr
 .text.startup.main
                0x0000000008000190      0x148 main.o
                0x0000000008000190                main
 .text.usart1_putc
                0x00000000080002d8        0xc usart1.o
                0x00000000080002d8                usart1_putc
 .text.usart1_printf
                0x00000000080002e4       0x4c usart1.o
                0x00000000080002e4                usart1_printf
 .text.usart1_setup
                0x0000000008000330       0x8c usart1.o
                0x0000000008000330                usart1_setup
 .text.usart1_isr
                0x00000000080003bc       0x74 usart1.o
                0x00000000080003bc                usart1_isr
 .text.usart1_task
                0x0000000008000430       0x90 usart1.o
                0x0000000008000430                usart1_task
 .text.init_spi2
                0x00000000080004c0       0x70 spi2.o
                0x00000000080004c0                init_spi2
 .text.set_ce.part.0
                0x0000000008000530        0xc nrf24.o
 .text.set_csn.part.0
                0x000000000800053c       0x10 nrf24.o
 .text.spi_transfer
                0x000000000800054c       0x14 nrf24.o
                0x000000000800054c                spi_transfer
 .text.set_ce   0x0000000008000560       0x14 nrf24.o
                0x0000000008000560                set_ce
 .text.set_csn  0x0000000008000574       0x14 nrf24.o
                0x0000000008000574                set_csn
 .text.nrf24_transferSync
                0x0000000008000588       0x1c nrf24.o
                0x0000000008000588                nrf24_transferSync
 .text.nrf24_transmitSync
                0x00000000080005a4       0x16 nrf24.o
                0x00000000080005a4                nrf24_transmitSync
 .text.nrf24_configRegister
                0x00000000080005ba       0x26 nrf24.o
                0x00000000080005ba                nrf24_configRegister
 .text.nrf24_readRegister
                0x00000000080005e0       0x28 nrf24.o
                0x00000000080005e0                nrf24_readRegister
 .text.nrf24_writeRegister
                0x0000000008000608       0x2a nrf24.o
                0x0000000008000608                nrf24_writeRegister
 .text.nrf24_powerUpRx
                0x0000000008000632       0x30 nrf24.o
                0x0000000008000632                nrf24_powerUpRx
 .text.nrf24_rx_address
                0x0000000008000662       0x1c nrf24.o
                0x0000000008000662                nrf24_rx_address
 .text.nrf24_tx_address
                0x000000000800067e        0xa nrf24.o
                0x000000000800067e                nrf24_tx_address
 .text.nrf24_rxFifoEmpty
                0x0000000008000688       0x1c nrf24.o
                0x0000000008000688                nrf24_rxFifoEmpty
 .text.nrf24_getData
                0x00000000080006a4       0x2c nrf24.o
                0x00000000080006a4                nrf24_getData
 .text.nrf24_retransmissionCount
                0x00000000080006d0       0x1c nrf24.o
                0x00000000080006d0                nrf24_retransmissionCount
 .text.nrf24_getStatus
                0x00000000080006ec       0x18 nrf24.o
                0x00000000080006ec                nrf24_getStatus
 .text.nrf24_dataReady
                0x0000000008000704       0x1a nrf24.o
                0x0000000008000704                nrf24_dataReady
 .text.nrf24_isSending
                0x000000000800071e       0x12 nrf24.o
                0x000000000800071e                nrf24_isSending
 .text.nrf24_lastMessageStatus
                0x0000000008000730       0x1a nrf24.o
                0x0000000008000730                nrf24_lastMessageStatus
 .text.nrf24_powerUpTx
                0x000000000800074a       0x16 nrf24.o
                0x000000000800074a                nrf24_powerUpTx
 .text.nrf24_send
                0x0000000008000760       0x40 nrf24.o
                0x0000000008000760                nrf24_send
 .text.nrf24_enableDynamicPayload
                0x00000000080007a0       0x16 nrf24.o
                0x00000000080007a0                nrf24_enableDynamicPayload
 .text.nrf24_config
                0x00000000080007b6       0x6e nrf24.o
                0x00000000080007b6                nrf24_config
 .text.getAvailablePaySize
                0x0000000008000824       0x34 nrf24.o
                0x0000000008000824                getAvailablePaySize
 .text.nrf24_enableOnRX_interupt
                0x0000000008000858       0x1e nrf24.o
                0x0000000008000858                nrf24_enableOnRX_interupt
 .text.clearTable
                0x0000000008000876       0x10 nrf24.o
                0x0000000008000876                clearTable
 *fill*         0x0000000008000886        0x2 
 .text.printTable
                0x0000000008000888       0x20 nrf24.o
                0x0000000008000888                printTable
 .text.nrf24_displayConfiguration
                0x00000000080008a8      0x3e4 nrf24.o
                0x00000000080008a8                nrf24_displayConfiguration
 .text.nrf24_TX
                0x0000000008000c8c       0xa0 nrf24.o
                0x0000000008000c8c                nrf24_TX
 .text.nrf24_RX
                0x0000000008000d2c       0x34 nrf24.o
                0x0000000008000d2c                nrf24_RX
 .text.mini_write
                0x0000000008000d60       0x16 miniprintf.o
 .text.mini_putc
                0x0000000008000d76       0x2a miniprintf.o
 .text.mini_pad
                0x0000000008000da0       0x24 miniprintf.o
 .text.internal_vprintf
                0x0000000008000dc4      0x16c miniprintf.o
 .text.mini_vprintf_cooked
                0x0000000008000f30       0x30 miniprintf.o
                0x0000000008000f30                mini_vprintf_cooked
 .text.prvInsertBlockIntoFreeList
                0x0000000008000f60       0x48 rtos/heap_4.o
 .text.pvPortMalloc
                0x0000000008000fa8       0xe8 rtos/heap_4.o
                0x0000000008000fa8                pvPortMalloc
 .text.vPortFree
                0x0000000008001090       0x4c rtos/heap_4.o
                0x0000000008001090                vPortFree
 .text.vListInitialise
                0x00000000080010dc       0x16 rtos/list.o
                0x00000000080010dc                vListInitialise
 .text.vListInitialiseItem
                0x00000000080010f2        0x6 rtos/list.o
                0x00000000080010f2                vListInitialiseItem
 .text.vListInsertEnd
                0x00000000080010f8       0x18 rtos/list.o
                0x00000000080010f8                vListInsertEnd
 .text.vListInsert
                0x0000000008001110       0x2e rtos/list.o
                0x0000000008001110                vListInsert
 .text.uxListRemove
                0x000000000800113e       0x20 rtos/list.o
                0x000000000800113e                uxListRemove
 .text.prvTaskExitError
                0x000000000800115e       0x20 rtos/port.o
 *fill*         0x000000000800117e        0x2 
 .text.prvPortStartFirstTask
                0x0000000008001180       0x20 rtos/port.o
 .text.pxPortInitialiseStack
                0x00000000080011a0       0x24 rtos/port.o
                0x00000000080011a0                pxPortInitialiseStack
 *fill*         0x00000000080011c4        0xc 
 .text.vPortSVCHandler
                0x00000000080011d0       0x24 rtos/port.o
                0x00000000080011d0                vPortSVCHandler
 .text.vPortEnterCritical
                0x00000000080011f4       0x20 rtos/port.o
                0x00000000080011f4                vPortEnterCritical
 .text.vPortExitCritical
                0x0000000008001214       0x14 rtos/port.o
                0x0000000008001214                vPortExitCritical
 *fill*         0x0000000008001228        0x8 
 .text.xPortPendSVHandler
                0x0000000008001230       0x44 rtos/port.o
                0x0000000008001230                xPortPendSVHandler
 .text.xPortSysTickHandler
                0x0000000008001274       0x2c rtos/port.o
                0x0000000008001274                xPortSysTickHandler
 .text.vPortSetupTimerInterrupt
                0x00000000080012a0       0x24 rtos/port.o
                0x00000000080012a0                vPortSetupTimerInterrupt
 .text.xPortStartScheduler
                0x00000000080012c4       0x38 rtos/port.o
                0x00000000080012c4                xPortStartScheduler
 .text.prvIsQueueEmpty
                0x00000000080012fc       0x16 rtos/queue.o
 .text.prvCopyDataToQueue
                0x0000000008001312       0x6a rtos/queue.o
 .text.prvUnlockQueue
                0x000000000800137c       0x70 rtos/queue.o
 .text.xQueueGenericReset
                0x00000000080013ec       0x6c rtos/queue.o
                0x00000000080013ec                xQueueGenericReset
 .text.xQueueGenericCreate
                0x0000000008001458       0x2e rtos/queue.o
                0x0000000008001458                xQueueGenericCreate
 *fill*         0x0000000008001486        0x2 
 .text.xQueueGenericSend
                0x0000000008001488      0x104 rtos/queue.o
                0x0000000008001488                xQueueGenericSend
 .text.xQueueCreateMutex
                0x000000000800158c       0x24 rtos/queue.o
                0x000000000800158c                xQueueCreateMutex
 .text.xQueueSemaphoreTake
                0x00000000080015b0      0x128 rtos/queue.o
                0x00000000080015b0                xQueueSemaphoreTake
 .text.prvResetNextTaskUnblockTime
                0x00000000080016d8       0x24 rtos/tasks.o
 .text.prvAddCurrentTaskToDelayedList
                0x00000000080016fc       0x8c rtos/tasks.o
 .text.prvIdleTask
                0x0000000008001788       0x6c rtos/tasks.o
 .text.xTaskCreate
                0x00000000080017f4      0x1b8 rtos/tasks.o
                0x00000000080017f4                xTaskCreate
 .text.vTaskStartScheduler
                0x00000000080019ac       0x60 rtos/tasks.o
                0x00000000080019ac                vTaskStartScheduler
 .text.vTaskSuspendAll
                0x0000000008001a0c       0x10 rtos/tasks.o
                0x0000000008001a0c                vTaskSuspendAll
 .text.xTaskIncrementTick
                0x0000000008001a1c      0x10c rtos/tasks.o
                0x0000000008001a1c                xTaskIncrementTick
 .text.xTaskResumeAll
                0x0000000008001b28       0xd8 rtos/tasks.o
                0x0000000008001b28                xTaskResumeAll
 .text.vTaskDelay
                0x0000000008001c00       0x30 rtos/tasks.o
                0x0000000008001c00                vTaskDelay
 .text.vTaskSwitchContext
                0x0000000008001c30       0x60 rtos/tasks.o
                0x0000000008001c30                vTaskSwitchContext
 .text.vTaskPlaceOnEventList
                0x0000000008001c90       0x20 rtos/tasks.o
                0x0000000008001c90                vTaskPlaceOnEventList
 .text.xTaskRemoveFromEventList
                0x0000000008001cb0       0x70 rtos/tasks.o
                0x0000000008001cb0                xTaskRemoveFromEventList
 .text.vTaskInternalSetTimeOutState
                0x0000000008001d20       0x18 rtos/tasks.o
                0x0000000008001d20                vTaskInternalSetTimeOutState
 .text.xTaskCheckForTimeOut
                0x0000000008001d38       0x50 rtos/tasks.o
                0x0000000008001d38                xTaskCheckForTimeOut
 .text.vTaskMissedYield
                0x0000000008001d88        0xc rtos/tasks.o
                0x0000000008001d88                vTaskMissedYield
 .text.xTaskPriorityInherit
                0x0000000008001d94       0xa4 rtos/tasks.o
                0x0000000008001d94                xTaskPriorityInherit
 .text.xTaskPriorityDisinherit
                0x0000000008001e38       0x70 rtos/tasks.o
                0x0000000008001e38                xTaskPriorityDisinherit
 .text.vTaskPriorityDisinheritAfterTimeout
                0x0000000008001ea8       0x7c rtos/tasks.o
                0x0000000008001ea8                vTaskPriorityDisinheritAfterTimeout
 .text.pvTaskIncrementMutexHeldCount
                0x0000000008001f24       0x18 rtos/tasks.o
                0x0000000008001f24                pvTaskIncrementMutexHeldCount
 .text.ulTaskNotifyTake
                0x0000000008001f3c       0x64 rtos/tasks.o
                0x0000000008001f3c                ulTaskNotifyTake
 .text.vTaskNotifyGiveFromISR
                0x0000000008001fa0       0x9c rtos/tasks.o
                0x0000000008001fa0                vTaskNotifyGiveFromISR
 .text.sv_call_handler
                0x000000000800203c        0x4 rtos/opencm3.o
                0x000000000800203c                sv_call_handler
 .text.pend_sv_handler
                0x0000000008002040        0x4 rtos/opencm3.o
                0x0000000008002040                pend_sv_handler
 .text.sys_tick_handler
                0x0000000008002044        0x4 rtos/opencm3.o
                0x0000000008002044                sys_tick_handler
 .text.atoi     0x0000000008002048        0x8 /home/pierre/gcc-arm-none-eabi-9-2019-q4-major/bin/../lib/gcc/arm-none-eabi/9.2.1/../../../../arm-none-eabi/lib/thumb/v7-m/nofp/libc.a(lib_a-atoi.o)
                0x0000000008002048                atoi
 .text          0x0000000008002050       0xec /home/pierre/gcc-arm-none-eabi-9-2019-q4-major/bin/../lib/gcc/arm-none-eabi/9.2.1/../../../../arm-none-eabi/lib/thumb/v7-m/nofp/libc.a(lib_a-memcpy.o)
                0x0000000008002050                memcpy
 .text.strlen   0x000000000800213c       0x5c /home/pierre/gcc-arm-none-eabi-9-2019-q4-major/bin/../lib/gcc/arm-none-eabi/9.2.1/../../../../arm-none-eabi/lib/thumb/v7-m/nofp/libc.a(lib_a-strlen-stub.o)
                0x000000000800213c                strlen
 .text._strtol_l.isra.0
                0x0000000008002198      0x110 /home/pierre/gcc-arm-none-eabi-9-2019-q4-major/bin/../lib/gcc/arm-none-eabi/9.2.1/../../../../arm-none-eabi/lib/thumb/v7-m/nofp/libc.a(lib_a-strtol.o)
 .text.strtol   0x00000000080022a8       0x18 /home/pierre/gcc-arm-none-eabi-9-2019-q4-major/bin/../lib/gcc/arm-none-eabi/9.2.1/../../../../arm-none-eabi/lib/thumb/v7-m/nofp/libc.a(lib_a-strtol.o)
                0x00000000080022a8                strtol
 .text.gpio_set_mode
                0x00000000080022c0       0x5e /home/pierre/stm32f103c8t6/libopencm3/lib/libopencm3_stm32f1.a(gpio.o)
                0x00000000080022c0                gpio_set_mode
 *fill*         0x000000000800231e        0x2 
 .text.rcc_osc_on.part.0
                0x0000000008002320       0x10 /home/pierre/stm32f103c8t6/libopencm3/lib/libopencm3_stm32f1.a(rcc.o)
 .text.rcc_is_osc_ready
                0x0000000008002330       0x5c /home/pierre/stm32f103c8t6/libopencm3/lib/libopencm3_stm32f1.a(rcc.o)
                0x0000000008002330                rcc_is_osc_ready
 .text.rcc_wait_for_osc_ready
                0x000000000800238c       0x10 /home/pierre/stm32f103c8t6/libopencm3/lib/libopencm3_stm32f1.a(rcc.o)
                0x000000000800238c                rcc_wait_for_osc_ready
 .text.rcc_osc_on
                0x000000000800239c       0x54 /home/pierre/stm32f103c8t6/libopencm3/lib/libopencm3_stm32f1.a(rcc.o)
                0x000000000800239c                rcc_osc_on
 .text.rcc_set_sysclk_source
                0x00000000080023f0       0x14 /home/pierre/stm32f103c8t6/libopencm3/lib/libopencm3_stm32f1.a(rcc.o)
                0x00000000080023f0                rcc_set_sysclk_source
 .text.rcc_set_pll_multiplication_factor
                0x0000000008002404       0x14 /home/pierre/stm32f103c8t6/libopencm3/lib/libopencm3_stm32f1.a(rcc.o)
                0x0000000008002404                rcc_set_pll_multiplication_factor
 .text.rcc_set_pll_source
                0x0000000008002418       0x14 /home/pierre/stm32f103c8t6/libopencm3/lib/libopencm3_stm32f1.a(rcc.o)
                0x0000000008002418                rcc_set_pll_source
 .text.rcc_set_pllxtpre
                0x000000000800242c       0x14 /home/pierre/stm32f103c8t6/libopencm3/lib/libopencm3_stm32f1.a(rcc.o)
                0x000000000800242c                rcc_set_pllxtpre
 .text.rcc_set_adcpre
                0x0000000008002440       0x14 /home/pierre/stm32f103c8t6/libopencm3/lib/libopencm3_stm32f1.a(rcc.o)
                0x0000000008002440                rcc_set_adcpre
 .text.rcc_set_ppre2
                0x0000000008002454       0x14 /home/pierre/stm32f103c8t6/libopencm3/lib/libopencm3_stm32f1.a(rcc.o)
                0x0000000008002454                rcc_set_ppre2
 .text.rcc_set_ppre1
                0x0000000008002468       0x14 /home/pierre/stm32f103c8t6/libopencm3/lib/libopencm3_stm32f1.a(rcc.o)
                0x0000000008002468                rcc_set_ppre1
 .text.rcc_set_hpre
                0x000000000800247c       0x14 /home/pierre/stm32f103c8t6/libopencm3/lib/libopencm3_stm32f1.a(rcc.o)
                0x000000000800247c                rcc_set_hpre
 .text.rcc_clock_setup_in_hse_8mhz_out_72mhz
                0x0000000008002490       0x8c /home/pierre/stm32f103c8t6/libopencm3/lib/libopencm3_stm32f1.a(rcc.o)
                0x0000000008002490                rcc_clock_setup_in_hse_8mhz_out_72mhz
 .text.gpio_set
                0x000000000800251c        0x4 /home/pierre/stm32f103c8t6/libopencm3/lib/libopencm3_stm32f1.a(gpio_common_all.o)
                0x000000000800251c                gpio_set
 .text.gpio_clear
                0x0000000008002520        0x6 /home/pierre/stm32f103c8t6/libopencm3/lib/libopencm3_stm32f1.a(gpio_common_all.o)
                0x0000000008002520                gpio_clear
 .text.gpio_toggle
                0x0000000008002526       0x12 /home/pierre/stm32f103c8t6/libopencm3/lib/libopencm3_stm32f1.a(gpio_common_all.o)
                0x0000000008002526                gpio_toggle
 .text.spi_reset
                0x0000000008002538       0x30 /home/pierre/stm32f103c8t6/libopencm3/lib/libopencm3_stm32f1.a(spi_common_all.o)
                0x0000000008002538                spi_reset
 .text.spi_enable
                0x0000000008002568        0xa /home/pierre/stm32f103c8t6/libopencm3/lib/libopencm3_stm32f1.a(spi_common_all.o)
                0x0000000008002568                spi_enable
 .text.spi_xfer
                0x0000000008002572        0xe /home/pierre/stm32f103c8t6/libopencm3/lib/libopencm3_stm32f1.a(spi_common_all.o)
                0x0000000008002572                spi_xfer
 .text.spi_disable_software_slave_management
                0x0000000008002580        0xa /home/pierre/stm32f103c8t6/libopencm3/lib/libopencm3_stm32f1.a(spi_common_all.o)
                0x0000000008002580                spi_disable_software_slave_management
 .text.spi_init_master
                0x000000000800258a       0x28 /home/pierre/stm32f103c8t6/libopencm3/lib/libopencm3_stm32f1.a(spi_common_l1f124.o)
                0x000000000800258a                spi_init_master
 *fill*         0x00000000080025b2        0x2 
 .text.usart_set_baudrate
                0x00000000080025b4       0x28 /home/pierre/stm32f103c8t6/libopencm3/lib/libopencm3_stm32f1.a(usart_common_all.o)
                0x00000000080025b4                usart_set_baudrate
 .text.usart_set_databits
                0x00000000080025dc       0x12 /home/pierre/stm32f103c8t6/libopencm3/lib/libopencm3_stm32f1.a(usart_common_all.o)
                0x00000000080025dc                usart_set_databits
 .text.usart_set_stopbits
                0x00000000080025ee        0xc /home/pierre/stm32f103c8t6/libopencm3/lib/libopencm3_stm32f1.a(usart_common_all.o)
                0x00000000080025ee                usart_set_stopbits
 .text.usart_set_parity
                0x00000000080025fa        0xc /home/pierre/stm32f103c8t6/libopencm3/lib/libopencm3_stm32f1.a(usart_common_all.o)
                0x00000000080025fa                usart_set_parity
 .text.usart_set_mode
                0x0000000008002606        0xc /home/pierre/stm32f103c8t6/libopencm3/lib/libopencm3_stm32f1.a(usart_common_all.o)
                0x0000000008002606                usart_set_mode
 .text.usart_set_flow_control
                0x0000000008002612        0xc /home/pierre/stm32f103c8t6/libopencm3/lib/libopencm3_stm32f1.a(usart_common_all.o)
                0x0000000008002612                usart_set_flow_control
 .text.usart_enable
                0x000000000800261e        0xa /home/pierre/stm32f103c8t6/libopencm3/lib/libopencm3_stm32f1.a(usart_common_all.o)
                0x000000000800261e                usart_enable
 .text.usart_send_blocking
                0x0000000008002628       0x16 /home/pierre/stm32f103c8t6/libopencm3/lib/libopencm3_stm32f1.a(usart_common_all.o)
                0x0000000008002628                usart_send_blocking
 .text.usart_recv_blocking
                0x000000000800263e       0x12 /home/pierre/stm32f103c8t6/libopencm3/lib/libopencm3_stm32f1.a(usart_common_all.o)
                0x000000000800263e                usart_recv_blocking
 .text.usart_enable_rx_interrupt
                0x0000000008002650        0xa /home/pierre/stm32f103c8t6/libopencm3/lib/libopencm3_stm32f1.a(usart_common_all.o)
                0x0000000008002650                usart_enable_rx_interrupt
 .text.usart_send
                0x000000000800265a        0x8 /home/pierre/stm32f103c8t6/libopencm3/lib/libopencm3_stm32f1.a(usart_common_f124.o)
                0x000000000800265a                usart_send
 .text.usart_recv
                0x0000000008002662        0x8 /home/pierre/stm32f103c8t6/libopencm3/lib/libopencm3_stm32f1.a(usart_common_f124.o)
                0x0000000008002662                usart_recv
 .text.usart_wait_send_ready
                0x000000000800266a        0x8 /home/pierre/stm32f103c8t6/libopencm3/lib/libopencm3_stm32f1.a(usart_common_f124.o)
                0x000000000800266a                usart_wait_send_ready
 .text.usart_wait_recv_ready
                0x0000000008002672        0x8 /home/pierre/stm32f103c8t6/libopencm3/lib/libopencm3_stm32f1.a(usart_common_f124.o)
                0x0000000008002672                usart_wait_recv_ready
 .text.rcc_periph_clock_enable
                0x000000000800267a       0x1c /home/pierre/stm32f103c8t6/libopencm3/lib/libopencm3_stm32f1.a(rcc_common_all.o)
                0x000000000800267a                rcc_periph_clock_enable
 .text.rcc_periph_reset_pulse
                0x0000000008002696       0x24 /home/pierre/stm32f103c8t6/libopencm3/lib/libopencm3_stm32f1.a(rcc_common_all.o)
                0x0000000008002696                rcc_periph_reset_pulse
 *fill*         0x00000000080026ba        0x2 
 .text.exti_set_trigger
                0x00000000080026bc       0x38 /home/pierre/stm32f103c8t6/libopencm3/lib/libopencm3_stm32f1.a(exti_common_all.o)
                0x00000000080026bc                exti_set_trigger
 .text.exti_enable_request
                0x00000000080026f4       0x14 /home/pierre/stm32f103c8t6/libopencm3/lib/libopencm3_stm32f1.a(exti_common_all.o)
                0x00000000080026f4                exti_enable_request
 .text.exti_reset_request
                0x0000000008002708        0xc /home/pierre/stm32f103c8t6/libopencm3/lib/libopencm3_stm32f1.a(exti_common_all.o)
                0x0000000008002708                exti_reset_request
 .text.exti_select_source
                0x0000000008002714       0xa0 /home/pierre/stm32f103c8t6/libopencm3/lib/libopencm3_stm32f1.a(exti_common_all.o)
                0x0000000008002714                exti_select_source
 .text.flash_set_ws
                0x00000000080027b4       0x14 /home/pierre/stm32f103c8t6/libopencm3/lib/libopencm3_stm32f1.a(flash_common_f01.o)
                0x00000000080027b4                flash_set_ws
 .text.blocking_handler
                0x00000000080027c8        0x2 /home/pierre/stm32f103c8t6/libopencm3/lib/libopencm3_stm32f1.a(vector.o)
                0x00000000080027c8                usart3_isr
                0x00000000080027c8                rtc_isr
                0x00000000080027c8                tim7_isr
                0x00000000080027c8                adc1_2_isr
                0x00000000080027c8                tim1_trg_com_isr
                0x00000000080027c8                usb_hp_can_tx_isr
                0x00000000080027c8                tim6_isr
                0x00000000080027c8                usb_wakeup_isr
                0x00000000080027c8                blocking_handler
                0x00000000080027c8                tim5_isr
                0x00000000080027c8                otg_fs_isr
                0x00000000080027c8                spi1_isr
                0x00000000080027c8                exti2_isr
                0x00000000080027c8                dma1_channel6_isr
                0x00000000080027c8                can_rx1_isr
                0x00000000080027c8                dma1_channel5_isr
                0x00000000080027c8                dma2_channel5_isr
                0x00000000080027c8                usage_fault_handler
                0x00000000080027c8                tim8_trg_com_isr
                0x00000000080027c8                can2_rx0_isr
                0x00000000080027c8                tim1_brk_isr
                0x00000000080027c8                can2_rx1_isr
                0x00000000080027c8                tim1_cc_isr
                0x00000000080027c8                sdio_isr
                0x00000000080027c8                eth_isr
                0x00000000080027c8                dma1_channel4_isr
                0x00000000080027c8                tim8_brk_isr
                0x00000000080027c8                dma2_channel4_5_isr
                0x00000000080027c8                pvd_isr
                0x00000000080027c8                rcc_isr
                0x00000000080027c8                flash_isr
                0x00000000080027c8                uart4_isr
                0x00000000080027c8                rtc_alarm_isr
                0x00000000080027c8                exti15_10_isr
                0x00000000080027c8                hard_fault_handler
                0x00000000080027c8                exti1_isr
                0x00000000080027c8                i2c1_ev_isr
                0x00000000080027c8                dma2_channel1_isr
                0x00000000080027c8                spi2_isr
                0x00000000080027c8                tim8_up_isr
                0x00000000080027c8                dma2_channel2_isr
                0x00000000080027c8                exti3_isr
                0x00000000080027c8                adc3_isr
                0x00000000080027c8                tim3_isr
                0x00000000080027c8                usart2_isr
                0x00000000080027c8                usb_lp_can_rx0_isr
                0x00000000080027c8                i2c2_er_isr
                0x00000000080027c8                i2c2_ev_isr
                0x00000000080027c8                uart5_isr
                0x00000000080027c8                fsmc_isr
                0x00000000080027c8                dma1_channel1_isr
                0x00000000080027c8                exti4_isr
                0x00000000080027c8                mem_manage_handler
                0x00000000080027c8                can2_tx_isr
                0x00000000080027c8                exti9_5_isr
                0x00000000080027c8                dma2_channel3_isr
                0x00000000080027c8                dma1_channel7_isr
                0x00000000080027c8                tim1_up_isr
                0x00000000080027c8                can2_sce_isr
                0x00000000080027c8                tim4_isr
                0x00000000080027c8                dma1_channel2_isr
                0x00000000080027c8                i2c1_er_isr
                0x00000000080027c8                can_sce_isr
                0x00000000080027c8                tim8_cc_isr
                0x00000000080027c8                tamper_isr
                0x00000000080027c8                eth_wkup_isr
                0x00000000080027c8                bus_fault_handler
                0x00000000080027c8                wwdg_isr
                0x00000000080027c8                dma1_channel3_isr
                0x00000000080027c8                spi3_isr
                0x00000000080027c8                tim2_isr
 .text.null_handler
                0x00000000080027ca        0x2 /home/pierre/stm32f103c8t6/libopencm3/lib/libopencm3_stm32f1.a(vector.o)
                0x00000000080027ca                null_handler
                0x00000000080027ca                debug_monitor_handler
                0x00000000080027ca                nmi_handler
 .text.reset_handler
                0x00000000080027cc       0x8c /home/pierre/stm32f103c8t6/libopencm3/lib/libopencm3_stm32f1.a(vector.o)
                0x00000000080027cc                reset_handler
 .text.nvic_enable_irq
                0x0000000008002858       0x1a /home/pierre/stm32f103c8t6/libopencm3/lib/libopencm3_stm32f1.a(nvic.o)
                0x0000000008002858                nvic_enable_irq
                0x0000000008002874                . = ALIGN (0x4)
 *fill*         0x0000000008002872        0x2 
 *(.rodata*)
 .rodata.main.str1.1
                0x0000000008002874       0x36 main.o
 .rodata.usart1_task.str1.1
                0x00000000080028aa        0xc usart1.o
                                         0x11 (size before relaxing)
 .rodata.printTable.str1.1
                0x00000000080028b6        0x8 nrf24.o
 .rodata.nrf24_displayConfiguration.str1.1
                0x00000000080028be      0x3f3 nrf24.o
                                        0x3f6 (size before relaxing)
 .rodata.nrf24_TX.str1.1
                0x0000000008002cb1       0x69 nrf24.o
 .rodata.nrf24_RX.str1.1
                0x0000000008002d1a       0x16 nrf24.o
 .rodata.vTaskStartScheduler.str1.1
                0x0000000008002d30        0x5 rtos/tasks.o
 *fill*         0x0000000008002d35        0x3 
 .rodata._ctype_
                0x0000000008002d38      0x101 /home/pierre/gcc-arm-none-eabi-9-2019-q4-major/bin/../lib/gcc/arm-none-eabi/9.2.1/../../../../arm-none-eabi/lib/thumb/v7-m/nofp/libc.a(lib_a-ctype_.o)
                0x0000000008002d38                _ctype_
                0x0000000008002e3c                . = ALIGN (0x4)
 *fill*         0x0000000008002e39        0x3 

.glue_7         0x0000000008002e3c        0x0
 .glue_7        0x0000000008002e3c        0x0 linker stubs

.glue_7t        0x0000000008002e3c        0x0
 .glue_7t       0x0000000008002e3c        0x0 linker stubs

.vfp11_veneer   0x0000000008002e3c        0x0
 .vfp11_veneer  0x0000000008002e3c        0x0 linker stubs

.v4_bx          0x0000000008002e3c        0x0
 .v4_bx         0x0000000008002e3c        0x0 linker stubs

.iplt           0x0000000008002e3c        0x0
 .iplt          0x0000000008002e3c        0x0 main.o

.rel.dyn        0x0000000008002e3c        0x0
 .rel.iplt      0x0000000008002e3c        0x0 main.o

.preinit_array  0x0000000008002e3c        0x0
                0x0000000008002e3c                . = ALIGN (0x4)
                0x0000000008002e3c                __preinit_array_start = .
 *(.preinit_array)
                0x0000000008002e3c                __preinit_array_end = .

.init_array     0x0000000008002e3c        0x0
                0x0000000008002e3c                . = ALIGN (0x4)
                0x0000000008002e3c                __init_array_start = .
 *(SORT_BY_NAME(.init_array.*))
 *(.init_array)
                0x0000000008002e3c                __init_array_end = .

.fini_array     0x0000000008002e3c        0x0
                0x0000000008002e3c                . = ALIGN (0x4)
                0x0000000008002e3c                __fini_array_start = .
 *(.fini_array)
 *(SORT_BY_NAME(.fini_array.*))
                0x0000000008002e3c                __fini_array_end = .

.ARM.extab
 *(.ARM.extab*)

.ARM.exidx      0x0000000008002e3c        0x0
                0x0000000008002e3c                __exidx_start = .
 *(.ARM.exidx*)
                0x0000000008002e3c                __exidx_end = .
                0x0000000008002e3c                . = ALIGN (0x4)
                0x0000000008002e3c                _etext = .

.data           0x0000000020000000      0x444 load address 0x0000000008002e3c
                0x0000000020000000                _data = .
 *(.data*)
 .data.TX_mode  0x0000000020000000        0x1 main.o
                0x0000000020000000                TX_mode
 *fill*         0x0000000020000001        0x3 
 .data.uxCriticalNesting
                0x0000000020000004        0x4 rtos/port.o
 .data._impure_ptr
                0x0000000020000008        0x4 /home/pierre/gcc-arm-none-eabi-9-2019-q4-major/bin/../lib/gcc/arm-none-eabi/9.2.1/../../../../arm-none-eabi/lib/thumb/v7-m/nofp/libc.a(lib_a-impure.o)
                0x0000000020000008                _impure_ptr
 *fill*         0x000000002000000c        0x4 
 .data.impure_data
                0x0000000020000010      0x428 /home/pierre/gcc-arm-none-eabi-9-2019-q4-major/bin/../lib/gcc/arm-none-eabi/9.2.1/../../../../arm-none-eabi/lib/thumb/v7-m/nofp/libc.a(lib_a-impure.o)
 .data.rcc_ahb_frequency
                0x0000000020000438        0x4 /home/pierre/stm32f103c8t6/libopencm3/lib/libopencm3_stm32f1.a(rcc.o)
                0x0000000020000438                rcc_ahb_frequency
 .data.rcc_apb1_frequency
                0x000000002000043c        0x4 /home/pierre/stm32f103c8t6/libopencm3/lib/libopencm3_stm32f1.a(rcc.o)
                0x000000002000043c                rcc_apb1_frequency
 .data.rcc_apb2_frequency
                0x0000000020000440        0x4 /home/pierre/stm32f103c8t6/libopencm3/lib/libopencm3_stm32f1.a(rcc.o)
                0x0000000020000440                rcc_apb2_frequency
                0x0000000020000444                . = ALIGN (0x4)
                0x0000000020000444                _edata = .
                0x0000000008002e3c                _data_loadaddr = LOADADDR (.data)

.igot.plt       0x0000000020000444        0x0 load address 0x0000000008003280
 .igot.plt      0x0000000020000444        0x0 main.o

.bss            0x0000000020000444      0xd48 load address 0x0000000008003280
 *(.bss*)
 .bss.h_nrf24_RX
                0x0000000020000444        0x4 main.o
                0x0000000020000444                h_nrf24_RX
 .bss.h_task_usart1
                0x0000000020000448        0x4 main.o
                0x0000000020000448                h_task_usart1
 .bss.xSemaphore_usart1
                0x000000002000044c        0x4 main.o
                0x000000002000044c                xSemaphore_usart1
 .bss.lenPayload_usart1
                0x0000000020000450        0x4 usart1.o
                0x0000000020000450                lenPayload_usart1
 .bss.payload_usart1
                0x0000000020000454        0xa usart1.o
                0x0000000020000454                payload_usart1
 *fill*         0x000000002000045e        0x2 
 .bss.RPM_VESC  0x0000000020000460        0x4 nrf24.o
                0x0000000020000460                RPM_VESC
 .bss.nunchuck  0x0000000020000464        0xc nrf24.o
                0x0000000020000464                nunchuck
 .bss.pxEnd     0x0000000020000470        0x4 rtos/heap_4.o
 .bss.ucHeap    0x0000000020000474      0xc00 rtos/heap_4.o
 .bss.xBlockAllocatedBit
                0x0000000020001074        0x4 rtos/heap_4.o
 .bss.xFreeBytesRemaining
                0x0000000020001078        0x4 rtos/heap_4.o
 .bss.xMinimumEverFreeBytesRemaining
                0x000000002000107c        0x4 rtos/heap_4.o
 .bss.xStart    0x0000000020001080        0x8 rtos/heap_4.o
 .bss.pxCurrentTCB
                0x0000000020001088        0x4 rtos/tasks.o
                0x0000000020001088                pxCurrentTCB
 .bss.pxDelayedTaskList
                0x000000002000108c        0x4 rtos/tasks.o
 .bss.pxOverflowDelayedTaskList
                0x0000000020001090        0x4 rtos/tasks.o
 .bss.pxReadyTasksLists
                0x0000000020001094       0x64 rtos/tasks.o
 .bss.uxCurrentNumberOfTasks
                0x00000000200010f8        0x4 rtos/tasks.o
 .bss.uxDeletedTasksWaitingCleanUp
                0x00000000200010fc        0x4 rtos/tasks.o
 .bss.uxPendedTicks
                0x0000000020001100        0x4 rtos/tasks.o
 .bss.uxSchedulerSuspended
                0x0000000020001104        0x4 rtos/tasks.o
 .bss.uxTaskNumber
                0x0000000020001108        0x4 rtos/tasks.o
 .bss.uxTopReadyPriority
                0x000000002000110c        0x4 rtos/tasks.o
 .bss.xDelayedTaskList1
                0x0000000020001110       0x14 rtos/tasks.o
 .bss.xDelayedTaskList2
                0x0000000020001124       0x14 rtos/tasks.o
 .bss.xIdleTaskHandle
                0x0000000020001138        0x4 rtos/tasks.o
 .bss.xNextTaskUnblockTime
                0x000000002000113c        0x4 rtos/tasks.o
 .bss.xNumOfOverflows
                0x0000000020001140        0x4 rtos/tasks.o
 .bss.xPendingReadyList
                0x0000000020001144       0x14 rtos/tasks.o
 .bss.xSchedulerRunning
                0x0000000020001158        0x4 rtos/tasks.o
 .bss.xSuspendedTaskList
                0x000000002000115c       0x14 rtos/tasks.o
 .bss.xTasksWaitingTermination
                0x0000000020001170       0x14 rtos/tasks.o
 .bss.xTickCount
                0x0000000020001184        0x4 rtos/tasks.o
 .bss.xYieldPending
                0x0000000020001188        0x4 rtos/tasks.o
 *(COMMON)
                0x000000002000118c                . = ALIGN (0x4)
                0x000000002000118c                _ebss = .

/DISCARD/
 *(.eh_frame)
                0x000000002000118c                . = ALIGN (0x4)
                0x000000002000118c                end = .
                0x0000000020005000                PROVIDE (_stack = (ORIGIN (ram) + LENGTH (ram)))
OUTPUT(main.elf elf32-littlearm)

.debug_info     0x0000000000000000    0x10348
 .debug_info    0x0000000000000000     0x107f main.o
 .debug_info    0x000000000000107f     0x11ad usart1.o
 .debug_info    0x000000000000222c      0x4be spi2.o
 .debug_info    0x00000000000026ea     0x276f nrf24.o
 .debug_info    0x0000000000004e59     0x113f miniprintf.o
 .debug_info    0x0000000000005f98      0xca4 rtos/heap_4.o
 .debug_info    0x0000000000006c3c      0xb72 rtos/list.o
 .debug_info    0x00000000000077ae      0x34f rtos/port.o
 .debug_info    0x0000000000007afd     0x21fd rtos/queue.o
 .debug_info    0x0000000000009cfa     0x2b89 rtos/tasks.o
 .debug_info    0x000000000000c883      0x136 rtos/opencm3.o
 .debug_info    0x000000000000c9b9      0x20a /home/pierre/stm32f103c8t6/libopencm3/lib/libopencm3_stm32f1.a(gpio.o)
 .debug_info    0x000000000000cbc3     0x128f /home/pierre/stm32f103c8t6/libopencm3/lib/libopencm3_stm32f1.a(rcc.o)
 .debug_info    0x000000000000de52      0x266 /home/pierre/stm32f103c8t6/libopencm3/lib/libopencm3_stm32f1.a(gpio_common_all.o)
 .debug_info    0x000000000000e0b8      0xa1c /home/pierre/stm32f103c8t6/libopencm3/lib/libopencm3_stm32f1.a(spi_common_all.o)
 .debug_info    0x000000000000ead4      0x185 /home/pierre/stm32f103c8t6/libopencm3/lib/libopencm3_stm32f1.a(spi_common_l1f124.o)
 .debug_info    0x000000000000ec59      0x519 /home/pierre/stm32f103c8t6/libopencm3/lib/libopencm3_stm32f1.a(usart_common_all.o)
 .debug_info    0x000000000000f172      0x1c5 /home/pierre/stm32f103c8t6/libopencm3/lib/libopencm3_stm32f1.a(usart_common_f124.o)
 .debug_info    0x000000000000f337      0x603 /home/pierre/stm32f103c8t6/libopencm3/lib/libopencm3_stm32f1.a(rcc_common_all.o)
 .debug_info    0x000000000000f93a      0x241 /home/pierre/stm32f103c8t6/libopencm3/lib/libopencm3_stm32f1.a(exti_common_all.o)
 .debug_info    0x000000000000fb7b      0x29f /home/pierre/stm32f103c8t6/libopencm3/lib/libopencm3_stm32f1.a(flash_common_f01.o)
 .debug_info    0x000000000000fe1a      0x2dd /home/pierre/stm32f103c8t6/libopencm3/lib/libopencm3_stm32f1.a(vector.o)
 .debug_info    0x00000000000100f7      0x251 /home/pierre/stm32f103c8t6/libopencm3/lib/libopencm3_stm32f1.a(nvic.o)

.debug_abbrev   0x0000000000000000     0x300b
 .debug_abbrev  0x0000000000000000      0x2fc main.o
 .debug_abbrev  0x00000000000002fc      0x341 usart1.o
 .debug_abbrev  0x000000000000063d      0x138 spi2.o
 .debug_abbrev  0x0000000000000775      0x4b7 nrf24.o
 .debug_abbrev  0x0000000000000c2c      0x3d4 miniprintf.o
 .debug_abbrev  0x0000000000001000      0x361 rtos/heap_4.o
 .debug_abbrev  0x0000000000001361      0x236 rtos/list.o
 .debug_abbrev  0x0000000000001597      0x217 rtos/port.o
 .debug_abbrev  0x00000000000017ae      0x426 rtos/queue.o
 .debug_abbrev  0x0000000000001bd4      0x4f1 rtos/tasks.o
 .debug_abbrev  0x00000000000020c5       0x89 rtos/opencm3.o
 .debug_abbrev  0x000000000000214e       0xd0 /home/pierre/stm32f103c8t6/libopencm3/lib/libopencm3_stm32f1.a(gpio.o)
 .debug_abbrev  0x000000000000221e      0x2e1 /home/pierre/stm32f103c8t6/libopencm3/lib/libopencm3_stm32f1.a(rcc.o)
 .debug_abbrev  0x00000000000024ff      0x116 /home/pierre/stm32f103c8t6/libopencm3/lib/libopencm3_stm32f1.a(gpio_common_all.o)
 .debug_abbrev  0x0000000000002615      0x1eb /home/pierre/stm32f103c8t6/libopencm3/lib/libopencm3_stm32f1.a(spi_common_all.o)
 .debug_abbrev  0x0000000000002800       0xe5 /home/pierre/stm32f103c8t6/libopencm3/lib/libopencm3_stm32f1.a(spi_common_l1f124.o)
 .debug_abbrev  0x00000000000028e5      0x129 /home/pierre/stm32f103c8t6/libopencm3/lib/libopencm3_stm32f1.a(usart_common_all.o)
 .debug_abbrev  0x0000000000002a0e       0xc8 /home/pierre/stm32f103c8t6/libopencm3/lib/libopencm3_stm32f1.a(usart_common_f124.o)
 .debug_abbrev  0x0000000000002ad6      0x15d /home/pierre/stm32f103c8t6/libopencm3/lib/libopencm3_stm32f1.a(rcc_common_all.o)
 .debug_abbrev  0x0000000000002c33      0x102 /home/pierre/stm32f103c8t6/libopencm3/lib/libopencm3_stm32f1.a(exti_common_all.o)
 .debug_abbrev  0x0000000000002d35       0xdc /home/pierre/stm32f103c8t6/libopencm3/lib/libopencm3_stm32f1.a(flash_common_f01.o)
 .debug_abbrev  0x0000000000002e11      0x145 /home/pierre/stm32f103c8t6/libopencm3/lib/libopencm3_stm32f1.a(vector.o)
 .debug_abbrev  0x0000000000002f56       0xb5 /home/pierre/stm32f103c8t6/libopencm3/lib/libopencm3_stm32f1.a(nvic.o)

.debug_loc      0x0000000000000000     0x550b
 .debug_loc     0x0000000000000000       0x7a main.o
 .debug_loc     0x000000000000007a      0x16e usart1.o
 .debug_loc     0x00000000000001e8       0x79 spi2.o
 .debug_loc     0x0000000000000261      0x78c nrf24.o
 .debug_loc     0x00000000000009ed      0x9a2 miniprintf.o
 .debug_loc     0x000000000000138f      0x361 rtos/heap_4.o
 .debug_loc     0x00000000000016f0       0xaf rtos/list.o
 .debug_loc     0x000000000000179f       0xbe rtos/port.o
 .debug_loc     0x000000000000185d     0x12ec rtos/queue.o
 .debug_loc     0x0000000000002b49     0x1a09 rtos/tasks.o
 .debug_loc     0x0000000000004552      0x134 /home/pierre/stm32f103c8t6/libopencm3/lib/libopencm3_stm32f1.a(gpio.o)
 .debug_loc     0x0000000000004686      0x39c /home/pierre/stm32f103c8t6/libopencm3/lib/libopencm3_stm32f1.a(rcc.o)
 .debug_loc     0x0000000000004a22       0xbe /home/pierre/stm32f103c8t6/libopencm3/lib/libopencm3_stm32f1.a(gpio_common_all.o)
 .debug_loc     0x0000000000004ae0      0x1dc /home/pierre/stm32f103c8t6/libopencm3/lib/libopencm3_stm32f1.a(spi_common_all.o)
 .debug_loc     0x0000000000004cbc       0xff /home/pierre/stm32f103c8t6/libopencm3/lib/libopencm3_stm32f1.a(spi_common_l1f124.o)
 .debug_loc     0x0000000000004dbb      0x172 /home/pierre/stm32f103c8t6/libopencm3/lib/libopencm3_stm32f1.a(usart_common_all.o)
 .debug_loc     0x0000000000004f2d       0x99 /home/pierre/stm32f103c8t6/libopencm3/lib/libopencm3_stm32f1.a(usart_common_f124.o)
 .debug_loc     0x0000000000004fc6       0x6f /home/pierre/stm32f103c8t6/libopencm3/lib/libopencm3_stm32f1.a(rcc_common_all.o)
 .debug_loc     0x0000000000005035      0x197 /home/pierre/stm32f103c8t6/libopencm3/lib/libopencm3_stm32f1.a(exti_common_all.o)
 .debug_loc     0x00000000000051cc       0xca /home/pierre/stm32f103c8t6/libopencm3/lib/libopencm3_stm32f1.a(flash_common_f01.o)
 .debug_loc     0x0000000000005296      0x128 /home/pierre/stm32f103c8t6/libopencm3/lib/libopencm3_stm32f1.a(vector.o)
 .debug_loc     0x00000000000053be      0x14d /home/pierre/stm32f103c8t6/libopencm3/lib/libopencm3_stm32f1.a(nvic.o)

.debug_aranges  0x0000000000000000      0xba0
 .debug_aranges
                0x0000000000000000       0x30 main.o
 .debug_aranges
                0x0000000000000030       0x48 usart1.o
 .debug_aranges
                0x0000000000000078       0x28 spi2.o
 .debug_aranges
                0x00000000000000a0      0x120 nrf24.o
 .debug_aranges
                0x00000000000001c0       0x58 miniprintf.o
 .debug_aranges
                0x0000000000000218       0x48 rtos/heap_4.o
 .debug_aranges
                0x0000000000000260       0x40 rtos/list.o
 .debug_aranges
                0x00000000000002a0       0x70 rtos/port.o
 .debug_aranges
                0x0000000000000310       0xc0 rtos/queue.o
 .debug_aranges
                0x00000000000003d0      0x168 rtos/tasks.o
 .debug_aranges
                0x0000000000000538       0x30 rtos/opencm3.o
 .debug_aranges
                0x0000000000000568       0x38 /home/pierre/stm32f103c8t6/libopencm3/lib/libopencm3_stm32f1.a(gpio.o)
 .debug_aranges
                0x00000000000005a0      0x158 /home/pierre/stm32f103c8t6/libopencm3/lib/libopencm3_stm32f1.a(rcc.o)
 .debug_aranges
                0x00000000000006f8       0x50 /home/pierre/stm32f103c8t6/libopencm3/lib/libopencm3_stm32f1.a(gpio_common_all.o)
 .debug_aranges
                0x0000000000000748      0x178 /home/pierre/stm32f103c8t6/libopencm3/lib/libopencm3_stm32f1.a(spi_common_all.o)
 .debug_aranges
                0x00000000000008c0       0x30 /home/pierre/stm32f103c8t6/libopencm3/lib/libopencm3_stm32f1.a(spi_common_l1f124.o)
 .debug_aranges
                0x00000000000008f0       0xb8 /home/pierre/stm32f103c8t6/libopencm3/lib/libopencm3_stm32f1.a(usart_common_all.o)
 .debug_aranges
                0x00000000000009a8       0x40 /home/pierre/stm32f103c8t6/libopencm3/lib/libopencm3_stm32f1.a(usart_common_f124.o)
 .debug_aranges
                0x00000000000009e8       0x58 /home/pierre/stm32f103c8t6/libopencm3/lib/libopencm3_stm32f1.a(rcc_common_all.o)
 .debug_aranges
                0x0000000000000a40       0x48 /home/pierre/stm32f103c8t6/libopencm3/lib/libopencm3_stm32f1.a(exti_common_all.o)
 .debug_aranges
                0x0000000000000a88       0x88 /home/pierre/stm32f103c8t6/libopencm3/lib/libopencm3_stm32f1.a(flash_common_f01.o)
 .debug_aranges
                0x0000000000000b10       0x30 /home/pierre/stm32f103c8t6/libopencm3/lib/libopencm3_stm32f1.a(vector.o)
 .debug_aranges
                0x0000000000000b40       0x60 /home/pierre/stm32f103c8t6/libopencm3/lib/libopencm3_stm32f1.a(nvic.o)

.debug_ranges   0x0000000000000000      0xf28
 .debug_ranges  0x0000000000000000       0x20 main.o
 .debug_ranges  0x0000000000000020       0x38 usart1.o
 .debug_ranges  0x0000000000000058       0x18 spi2.o
 .debug_ranges  0x0000000000000070      0x1d8 nrf24.o
 .debug_ranges  0x0000000000000248       0x90 miniprintf.o
 .debug_ranges  0x00000000000002d8       0x38 rtos/heap_4.o
 .debug_ranges  0x0000000000000310       0x30 rtos/list.o
 .debug_ranges  0x0000000000000340       0x78 rtos/port.o
 .debug_ranges  0x00000000000003b8      0x250 rtos/queue.o
 .debug_ranges  0x0000000000000608      0x300 rtos/tasks.o
 .debug_ranges  0x0000000000000908       0x20 rtos/opencm3.o
 .debug_ranges  0x0000000000000928       0x28 /home/pierre/stm32f103c8t6/libopencm3/lib/libopencm3_stm32f1.a(gpio.o)
 .debug_ranges  0x0000000000000950      0x1b8 /home/pierre/stm32f103c8t6/libopencm3/lib/libopencm3_stm32f1.a(rcc.o)
 .debug_ranges  0x0000000000000b08       0x40 /home/pierre/stm32f103c8t6/libopencm3/lib/libopencm3_stm32f1.a(gpio_common_all.o)
 .debug_ranges  0x0000000000000b48      0x168 /home/pierre/stm32f103c8t6/libopencm3/lib/libopencm3_stm32f1.a(spi_common_all.o)
 .debug_ranges  0x0000000000000cb0       0x20 /home/pierre/stm32f103c8t6/libopencm3/lib/libopencm3_stm32f1.a(spi_common_l1f124.o)
 .debug_ranges  0x0000000000000cd0       0xa8 /home/pierre/stm32f103c8t6/libopencm3/lib/libopencm3_stm32f1.a(usart_common_all.o)
 .debug_ranges  0x0000000000000d78       0x30 /home/pierre/stm32f103c8t6/libopencm3/lib/libopencm3_stm32f1.a(usart_common_f124.o)
 .debug_ranges  0x0000000000000da8       0x48 /home/pierre/stm32f103c8t6/libopencm3/lib/libopencm3_stm32f1.a(rcc_common_all.o)
 .debug_ranges  0x0000000000000df0       0x50 /home/pierre/stm32f103c8t6/libopencm3/lib/libopencm3_stm32f1.a(exti_common_all.o)
 .debug_ranges  0x0000000000000e40       0x78 /home/pierre/stm32f103c8t6/libopencm3/lib/libopencm3_stm32f1.a(flash_common_f01.o)
 .debug_ranges  0x0000000000000eb8       0x20 /home/pierre/stm32f103c8t6/libopencm3/lib/libopencm3_stm32f1.a(vector.o)
 .debug_ranges  0x0000000000000ed8       0x50 /home/pierre/stm32f103c8t6/libopencm3/lib/libopencm3_stm32f1.a(nvic.o)

.debug_line     0x0000000000000000     0x90e2
 .debug_line    0x0000000000000000      0x3ce main.o
 .debug_line    0x00000000000003ce      0x564 usart1.o
 .debug_line    0x0000000000000932      0x21b spi2.o
 .debug_line    0x0000000000000b4d      0xa3b nrf24.o
 .debug_line    0x0000000000001588      0x54d miniprintf.o
 .debug_line    0x0000000000001ad5      0x4ac rtos/heap_4.o
 .debug_line    0x0000000000001f81      0x320 rtos/list.o
 .debug_line    0x00000000000022a1      0x371 rtos/port.o
 .debug_line    0x0000000000002612      0xedd rtos/queue.o
 .debug_line    0x00000000000034ef     0x19da rtos/tasks.o
 .debug_line    0x0000000000004ec9      0x16d rtos/opencm3.o
 .debug_line    0x0000000000005036      0x3c6 /home/pierre/stm32f103c8t6/libopencm3/lib/libopencm3_stm32f1.a(gpio.o)
 .debug_line    0x00000000000053fc      0xce7 /home/pierre/stm32f103c8t6/libopencm3/lib/libopencm3_stm32f1.a(rcc.o)
 .debug_line    0x00000000000060e3      0x3dc /home/pierre/stm32f103c8t6/libopencm3/lib/libopencm3_stm32f1.a(gpio_common_all.o)
 .debug_line    0x00000000000064bf      0x921 /home/pierre/stm32f103c8t6/libopencm3/lib/libopencm3_stm32f1.a(spi_common_all.o)
 .debug_line    0x0000000000006de0      0x399 /home/pierre/stm32f103c8t6/libopencm3/lib/libopencm3_stm32f1.a(spi_common_l1f124.o)
 .debug_line    0x0000000000007179      0x5e2 /home/pierre/stm32f103c8t6/libopencm3/lib/libopencm3_stm32f1.a(usart_common_all.o)
 .debug_line    0x000000000000775b      0x3d1 /home/pierre/stm32f103c8t6/libopencm3/lib/libopencm3_stm32f1.a(usart_common_f124.o)
 .debug_line    0x0000000000007b2c      0x405 /home/pierre/stm32f103c8t6/libopencm3/lib/libopencm3_stm32f1.a(rcc_common_all.o)
 .debug_line    0x0000000000007f31      0x46a /home/pierre/stm32f103c8t6/libopencm3/lib/libopencm3_stm32f1.a(exti_common_all.o)
 .debug_line    0x000000000000839b      0x4f7 /home/pierre/stm32f103c8t6/libopencm3/lib/libopencm3_stm32f1.a(flash_common_f01.o)
 .debug_line    0x0000000000008892      0x45e /home/pierre/stm32f103c8t6/libopencm3/lib/libopencm3_stm32f1.a(vector.o)
 .debug_line    0x0000000000008cf0      0x3f2 /home/pierre/stm32f103c8t6/libopencm3/lib/libopencm3_stm32f1.a(nvic.o)

.debug_str      0x0000000000000000    0x13101
 .debug_str     0x0000000000000000      0x9eb main.o
                                        0xad9 (size before relaxing)
 .debug_str     0x00000000000009eb      0x225 usart1.o
                                        0xb4d (size before relaxing)
 .debug_str     0x0000000000000c10       0x94 spi2.o
                                        0x4f5 (size before relaxing)
 .debug_str     0x0000000000000ca4      0x247 nrf24.o
                                        0x974 (size before relaxing)
 .debug_str     0x0000000000000eeb       0xef miniprintf.o
                                        0x6b7 (size before relaxing)
 .debug_str     0x0000000000000fda      0x1eb rtos/heap_4.o
                                        0x76f (size before relaxing)
 .debug_str     0x00000000000011c5      0x12a rtos/list.o
                                        0x6ca (size before relaxing)
 .debug_str     0x00000000000012ef      0x19e rtos/port.o
                                        0x363 (size before relaxing)
 .debug_str     0x000000000000148d      0x565 rtos/queue.o
                                        0xd1c (size before relaxing)
 .debug_str     0x00000000000019f2      0x85d rtos/tasks.o
                                       0x1260 (size before relaxing)
 .debug_str     0x000000000000224f       0x40 rtos/opencm3.o
                                        0x252 (size before relaxing)
 .debug_str     0x000000000000228f     0x8365 /home/pierre/stm32f103c8t6/libopencm3/lib/libopencm3_stm32f1.a(gpio.o)
                                       0x8514 (size before relaxing)
 .debug_str     0x000000000000a5f4     0x304f /home/pierre/stm32f103c8t6/libopencm3/lib/libopencm3_stm32f1.a(rcc.o)
                                       0x7db2 (size before relaxing)
 .debug_str     0x000000000000d643       0x5a /home/pierre/stm32f103c8t6/libopencm3/lib/libopencm3_stm32f1.a(gpio_common_all.o)
                                       0x8508 (size before relaxing)
 .debug_str     0x000000000000d69d     0x13a0 /home/pierre/stm32f103c8t6/libopencm3/lib/libopencm3_stm32f1.a(spi_common_all.o)
                                       0x8555 (size before relaxing)
 .debug_str     0x000000000000ea3d       0x54 /home/pierre/stm32f103c8t6/libopencm3/lib/libopencm3_stm32f1.a(spi_common_l1f124.o)
                                       0x7f6a (size before relaxing)
 .debug_str     0x000000000000ea91     0x10c4 /home/pierre/stm32f103c8t6/libopencm3/lib/libopencm3_stm32f1.a(usart_common_all.o)
                                       0x82f4 (size before relaxing)
 .debug_str     0x000000000000fb55       0x2d /home/pierre/stm32f103c8t6/libopencm3/lib/libopencm3_stm32f1.a(usart_common_f124.o)
                                       0x812e (size before relaxing)
 .debug_str     0x000000000000fb82      0x168 /home/pierre/stm32f103c8t6/libopencm3/lib/libopencm3_stm32f1.a(rcc_common_all.o)
                                       0x7735 (size before relaxing)
 .debug_str     0x000000000000fcea      0x3d2 /home/pierre/stm32f103c8t6/libopencm3/lib/libopencm3_stm32f1.a(exti_common_all.o)
                                       0x88e5 (size before relaxing)
 .debug_str     0x00000000000100bc      0x179 /home/pierre/stm32f103c8t6/libopencm3/lib/libopencm3_stm32f1.a(flash_common_f01.o)
                                       0x55bb (size before relaxing)
 .debug_str     0x0000000000010235     0x24ec /home/pierre/stm32f103c8t6/libopencm3/lib/libopencm3_stm32f1.a(vector.o)
                                       0x665c (size before relaxing)
 .debug_str     0x0000000000012721      0x9e0 /home/pierre/stm32f103c8t6/libopencm3/lib/libopencm3_stm32f1.a(nvic.o)
                                       0x5371 (size before relaxing)

.comment        0x0000000000000000       0x79
 .comment       0x0000000000000000       0x79 main.o
                                         0x7a (size before relaxing)
 .comment       0x0000000000000079       0x7a usart1.o
 .comment       0x0000000000000079       0x7a spi2.o
 .comment       0x0000000000000079       0x7a nrf24.o
 .comment       0x0000000000000079       0x7a miniprintf.o
 .comment       0x0000000000000079       0x7a rtos/heap_4.o
 .comment       0x0000000000000079       0x7a rtos/list.o
 .comment       0x0000000000000079       0x7a rtos/port.o
 .comment       0x0000000000000079       0x7a rtos/queue.o
 .comment       0x0000000000000079       0x7a rtos/tasks.o
 .comment       0x0000000000000079       0x7a rtos/opencm3.o
 .comment       0x0000000000000079       0x7a /home/pierre/stm32f103c8t6/libopencm3/lib/libopencm3_stm32f1.a(gpio.o)
 .comment       0x0000000000000079       0x7a /home/pierre/stm32f103c8t6/libopencm3/lib/libopencm3_stm32f1.a(rcc.o)
 .comment       0x0000000000000079       0x7a /home/pierre/stm32f103c8t6/libopencm3/lib/libopencm3_stm32f1.a(gpio_common_all.o)
 .comment       0x0000000000000079       0x7a /home/pierre/stm32f103c8t6/libopencm3/lib/libopencm3_stm32f1.a(spi_common_all.o)
 .comment       0x0000000000000079       0x7a /home/pierre/stm32f103c8t6/libopencm3/lib/libopencm3_stm32f1.a(spi_common_l1f124.o)
 .comment       0x0000000000000079       0x7a /home/pierre/stm32f103c8t6/libopencm3/lib/libopencm3_stm32f1.a(usart_common_all.o)
 .comment       0x0000000000000079       0x7a /home/pierre/stm32f103c8t6/libopencm3/lib/libopencm3_stm32f1.a(usart_common_f124.o)
 .comment       0x0000000000000079       0x7a /home/pierre/stm32f103c8t6/libopencm3/lib/libopencm3_stm32f1.a(rcc_common_all.o)
 .comment       0x0000000000000079       0x7a /home/pierre/stm32f103c8t6/libopencm3/lib/libopencm3_stm32f1.a(exti_common_all.o)
 .comment       0x0000000000000079       0x7a /home/pierre/stm32f103c8t6/libopencm3/lib/libopencm3_stm32f1.a(flash_common_f01.o)
 .comment       0x0000000000000079       0x7a /home/pierre/stm32f103c8t6/libopencm3/lib/libopencm3_stm32f1.a(vector.o)
 .comment       0x0000000000000079       0x7a /home/pierre/stm32f103c8t6/libopencm3/lib/libopencm3_stm32f1.a(nvic.o)

.ARM.attributes
                0x0000000000000000       0x2b
 .ARM.attributes
                0x0000000000000000       0x2d main.o
 .ARM.attributes
                0x000000000000002d       0x2d usart1.o
 .ARM.attributes
                0x000000000000005a       0x2d spi2.o
 .ARM.attributes
                0x0000000000000087       0x2d nrf24.o
 .ARM.attributes
                0x00000000000000b4       0x2d miniprintf.o
 .ARM.attributes
                0x00000000000000e1       0x2d rtos/heap_4.o
 .ARM.attributes
                0x000000000000010e       0x2d rtos/list.o
 .ARM.attributes
                0x000000000000013b       0x2d rtos/port.o
 .ARM.attributes
                0x0000000000000168       0x2d rtos/queue.o
 .ARM.attributes
                0x0000000000000195       0x2d rtos/tasks.o
 .ARM.attributes
                0x00000000000001c2       0x2d rtos/opencm3.o
 .ARM.attributes
                0x00000000000001ef       0x2d /home/pierre/gcc-arm-none-eabi-9-2019-q4-major/bin/../lib/gcc/arm-none-eabi/9.2.1/../../../../arm-none-eabi/lib/thumb/v7-m/nofp/libc.a(lib_a-atoi.o)
 .ARM.attributes
                0x000000000000021c       0x1b /home/pierre/gcc-arm-none-eabi-9-2019-q4-major/bin/../lib/gcc/arm-none-eabi/9.2.1/../../../../arm-none-eabi/lib/thumb/v7-m/nofp/libc.a(lib_a-memcpy.o)
 .ARM.attributes
                0x0000000000000237       0x2d /home/pierre/gcc-arm-none-eabi-9-2019-q4-major/bin/../lib/gcc/arm-none-eabi/9.2.1/../../../../arm-none-eabi/lib/thumb/v7-m/nofp/libc.a(lib_a-strlen-stub.o)
 .ARM.attributes
                0x0000000000000264       0x2d /home/pierre/gcc-arm-none-eabi-9-2019-q4-major/bin/../lib/gcc/arm-none-eabi/9.2.1/../../../../arm-none-eabi/lib/thumb/v7-m/nofp/libc.a(lib_a-strtol.o)
 .ARM.attributes
                0x0000000000000291       0x2d /home/pierre/gcc-arm-none-eabi-9-2019-q4-major/bin/../lib/gcc/arm-none-eabi/9.2.1/../../../../arm-none-eabi/lib/thumb/v7-m/nofp/libc.a(lib_a-ctype_.o)
 .ARM.attributes
                0x00000000000002be       0x2d /home/pierre/gcc-arm-none-eabi-9-2019-q4-major/bin/../lib/gcc/arm-none-eabi/9.2.1/../../../../arm-none-eabi/lib/thumb/v7-m/nofp/libc.a(lib_a-impure.o)
 .ARM.attributes
                0x00000000000002eb       0x2d /home/pierre/stm32f103c8t6/libopencm3/lib/libopencm3_stm32f1.a(gpio.o)
 .ARM.attributes
                0x0000000000000318       0x2d /home/pierre/stm32f103c8t6/libopencm3/lib/libopencm3_stm32f1.a(rcc.o)
 .ARM.attributes
                0x0000000000000345       0x2d /home/pierre/stm32f103c8t6/libopencm3/lib/libopencm3_stm32f1.a(gpio_common_all.o)
 .ARM.attributes
                0x0000000000000372       0x2d /home/pierre/stm32f103c8t6/libopencm3/lib/libopencm3_stm32f1.a(spi_common_all.o)
 .ARM.attributes
                0x000000000000039f       0x2d /home/pierre/stm32f103c8t6/libopencm3/lib/libopencm3_stm32f1.a(spi_common_l1f124.o)
 .ARM.attributes
                0x00000000000003cc       0x2d /home/pierre/stm32f103c8t6/libopencm3/lib/libopencm3_stm32f1.a(usart_common_all.o)
 .ARM.attributes
                0x00000000000003f9       0x2d /home/pierre/stm32f103c8t6/libopencm3/lib/libopencm3_stm32f1.a(usart_common_f124.o)
 .ARM.attributes
                0x0000000000000426       0x2d /home/pierre/stm32f103c8t6/libopencm3/lib/libopencm3_stm32f1.a(rcc_common_all.o)
 .ARM.attributes
                0x0000000000000453       0x2d /home/pierre/stm32f103c8t6/libopencm3/lib/libopencm3_stm32f1.a(exti_common_all.o)
 .ARM.attributes
                0x0000000000000480       0x2d /home/pierre/stm32f103c8t6/libopencm3/lib/libopencm3_stm32f1.a(flash_common_f01.o)
 .ARM.attributes
                0x00000000000004ad       0x2d /home/pierre/stm32f103c8t6/libopencm3/lib/libopencm3_stm32f1.a(vector.o)
 .ARM.attributes
                0x00000000000004da       0x2d /home/pierre/stm32f103c8t6/libopencm3/lib/libopencm3_stm32f1.a(nvic.o)

.debug_frame    0x0000000000000000     0x1c20
 .debug_frame   0x0000000000000000       0x58 main.o
 .debug_frame   0x0000000000000058       0xe4 usart1.o
 .debug_frame   0x000000000000013c       0x4c spi2.o
 .debug_frame   0x0000000000000188      0x368 nrf24.o
 .debug_frame   0x00000000000004f0      0x110 miniprintf.o
 .debug_frame   0x0000000000000600       0x98 rtos/heap_4.o
 .debug_frame   0x0000000000000698       0x6c rtos/list.o
 .debug_frame   0x0000000000000704       0xd8 rtos/port.o
 .debug_frame   0x00000000000007dc      0x278 rtos/queue.o
 .debug_frame   0x0000000000000a54      0x4b8 rtos/tasks.o
 .debug_frame   0x0000000000000f0c       0x40 rtos/opencm3.o
 .debug_frame   0x0000000000000f4c       0x30 /home/pierre/gcc-arm-none-eabi-9-2019-q4-major/bin/../lib/gcc/arm-none-eabi/9.2.1/../../../../arm-none-eabi/lib/thumb/v7-m/nofp/libc.a(lib_a-atoi.o)
 .debug_frame   0x0000000000000f7c       0x20 /home/pierre/gcc-arm-none-eabi-9-2019-q4-major/bin/../lib/gcc/arm-none-eabi/9.2.1/../../../../arm-none-eabi/lib/thumb/v7-m/nofp/libc.a(lib_a-strlen-stub.o)
 .debug_frame   0x0000000000000f9c       0x80 /home/pierre/gcc-arm-none-eabi-9-2019-q4-major/bin/../lib/gcc/arm-none-eabi/9.2.1/../../../../arm-none-eabi/lib/thumb/v7-m/nofp/libc.a(lib_a-strtol.o)
 .debug_frame   0x000000000000101c       0x60 /home/pierre/stm32f103c8t6/libopencm3/lib/libopencm3_stm32f1.a(gpio.o)
 .debug_frame   0x000000000000107c      0x2e0 /home/pierre/stm32f103c8t6/libopencm3/lib/libopencm3_stm32f1.a(rcc.o)
 .debug_frame   0x000000000000135c       0x80 /home/pierre/stm32f103c8t6/libopencm3/lib/libopencm3_stm32f1.a(gpio_common_all.o)
 .debug_frame   0x00000000000013dc      0x2d0 /home/pierre/stm32f103c8t6/libopencm3/lib/libopencm3_stm32f1.a(spi_common_all.o)
 .debug_frame   0x00000000000016ac       0x4c /home/pierre/stm32f103c8t6/libopencm3/lib/libopencm3_stm32f1.a(spi_common_l1f124.o)
 .debug_frame   0x00000000000016f8      0x170 /home/pierre/stm32f103c8t6/libopencm3/lib/libopencm3_stm32f1.a(usart_common_all.o)
 .debug_frame   0x0000000000001868       0x60 /home/pierre/stm32f103c8t6/libopencm3/lib/libopencm3_stm32f1.a(usart_common_f124.o)
 .debug_frame   0x00000000000018c8       0xd0 /home/pierre/stm32f103c8t6/libopencm3/lib/libopencm3_stm32f1.a(rcc_common_all.o)
 .debug_frame   0x0000000000001998       0x88 /home/pierre/stm32f103c8t6/libopencm3/lib/libopencm3_stm32f1.a(exti_common_all.o)
 .debug_frame   0x0000000000001a20      0x120 /home/pierre/stm32f103c8t6/libopencm3/lib/libopencm3_stm32f1.a(flash_common_f01.o)
 .debug_frame   0x0000000000001b40       0x40 /home/pierre/stm32f103c8t6/libopencm3/lib/libopencm3_stm32f1.a(vector.o)
 .debug_frame   0x0000000000001b80       0xa0 /home/pierre/stm32f103c8t6/libopencm3/lib/libopencm3_stm32f1.a(nvic.o)

.debug_macro    0x0000000000000000     0x426c
 .debug_macro   0x0000000000000000       0xb9 /home/pierre/stm32f103c8t6/libopencm3/lib/libopencm3_stm32f1.a(gpio.o)
 .debug_macro   0x00000000000000b9      0xa90 /home/pierre/stm32f103c8t6/libopencm3/lib/libopencm3_stm32f1.a(gpio.o)
 .debug_macro   0x0000000000000b49       0x22 /home/pierre/stm32f103c8t6/libopencm3/lib/libopencm3_stm32f1.a(gpio.o)
 .debug_macro   0x0000000000000b6b       0x56 /home/pierre/stm32f103c8t6/libopencm3/lib/libopencm3_stm32f1.a(gpio.o)
 .debug_macro   0x0000000000000bc1       0x51 /home/pierre/stm32f103c8t6/libopencm3/lib/libopencm3_stm32f1.a(gpio.o)
 .debug_macro   0x0000000000000c12       0xef /home/pierre/stm32f103c8t6/libopencm3/lib/libopencm3_stm32f1.a(gpio.o)
 .debug_macro   0x0000000000000d01       0x6a /home/pierre/stm32f103c8t6/libopencm3/lib/libopencm3_stm32f1.a(gpio.o)
 .debug_macro   0x0000000000000d6b      0x1df /home/pierre/stm32f103c8t6/libopencm3/lib/libopencm3_stm32f1.a(gpio.o)
 .debug_macro   0x0000000000000f4a       0x22 /home/pierre/stm32f103c8t6/libopencm3/lib/libopencm3_stm32f1.a(gpio.o)
 .debug_macro   0x0000000000000f6c       0xfa /home/pierre/stm32f103c8t6/libopencm3/lib/libopencm3_stm32f1.a(gpio.o)
 .debug_macro   0x0000000000001066       0x58 /home/pierre/stm32f103c8t6/libopencm3/lib/libopencm3_stm32f1.a(gpio.o)
 .debug_macro   0x00000000000010be      0x1b4 /home/pierre/stm32f103c8t6/libopencm3/lib/libopencm3_stm32f1.a(gpio.o)
 .debug_macro   0x0000000000001272       0x76 /home/pierre/stm32f103c8t6/libopencm3/lib/libopencm3_stm32f1.a(gpio.o)
 .debug_macro   0x00000000000012e8      0xdfd /home/pierre/stm32f103c8t6/libopencm3/lib/libopencm3_stm32f1.a(gpio.o)
 .debug_macro   0x00000000000020e5       0xe0 /home/pierre/stm32f103c8t6/libopencm3/lib/libopencm3_stm32f1.a(rcc.o)
 .debug_macro   0x00000000000021c5       0x16 /home/pierre/stm32f103c8t6/libopencm3/lib/libopencm3_stm32f1.a(rcc.o)
 .debug_macro   0x00000000000021db      0x82c /home/pierre/stm32f103c8t6/libopencm3/lib/libopencm3_stm32f1.a(rcc.o)
 .debug_macro   0x0000000000002a07       0xdc /home/pierre/stm32f103c8t6/libopencm3/lib/libopencm3_stm32f1.a(rcc.o)
 .debug_macro   0x0000000000002ae3       0x82 /home/pierre/stm32f103c8t6/libopencm3/lib/libopencm3_stm32f1.a(rcc.o)
 .debug_macro   0x0000000000002b65       0xb9 /home/pierre/stm32f103c8t6/libopencm3/lib/libopencm3_stm32f1.a(gpio_common_all.o)
 .debug_macro   0x0000000000002c1e       0xdb /home/pierre/stm32f103c8t6/libopencm3/lib/libopencm3_stm32f1.a(spi_common_all.o)
 .debug_macro   0x0000000000002cf9      0x2eb /home/pierre/stm32f103c8t6/libopencm3/lib/libopencm3_stm32f1.a(spi_common_all.o)
 .debug_macro   0x0000000000002fe4       0x16 /home/pierre/stm32f103c8t6/libopencm3/lib/libopencm3_stm32f1.a(spi_common_all.o)
 .debug_macro   0x0000000000002ffa       0xdb /home/pierre/stm32f103c8t6/libopencm3/lib/libopencm3_stm32f1.a(spi_common_l1f124.o)
 .debug_macro   0x00000000000030d5       0xdb /home/pierre/stm32f103c8t6/libopencm3/lib/libopencm3_stm32f1.a(usart_common_all.o)
 .debug_macro   0x00000000000031b0       0x94 /home/pierre/stm32f103c8t6/libopencm3/lib/libopencm3_stm32f1.a(usart_common_all.o)
 .debug_macro   0x0000000000003244      0x29e /home/pierre/stm32f103c8t6/libopencm3/lib/libopencm3_stm32f1.a(usart_common_all.o)
 .debug_macro   0x00000000000034e2       0xdb /home/pierre/stm32f103c8t6/libopencm3/lib/libopencm3_stm32f1.a(usart_common_f124.o)
 .debug_macro   0x00000000000035bd       0xcf /home/pierre/stm32f103c8t6/libopencm3/lib/libopencm3_stm32f1.a(rcc_common_all.o)
 .debug_macro   0x000000000000368c       0xd0 /home/pierre/stm32f103c8t6/libopencm3/lib/libopencm3_stm32f1.a(exti_common_all.o)
 .debug_macro   0x000000000000375c      0x112 /home/pierre/stm32f103c8t6/libopencm3/lib/libopencm3_stm32f1.a(exti_common_all.o)
 .debug_macro   0x000000000000386e       0xb9 /home/pierre/stm32f103c8t6/libopencm3/lib/libopencm3_stm32f1.a(flash_common_f01.o)
 .debug_macro   0x0000000000003927       0xd0 /home/pierre/stm32f103c8t6/libopencm3/lib/libopencm3_stm32f1.a(vector.o)
 .debug_macro   0x00000000000039f7      0x3a1 /home/pierre/stm32f103c8t6/libopencm3/lib/libopencm3_stm32f1.a(vector.o)
 .debug_macro   0x0000000000003d98       0x6a /home/pierre/stm32f103c8t6/libopencm3/lib/libopencm3_stm32f1.a(vector.o)
 .debug_macro   0x0000000000003e02      0x1a2 /home/pierre/stm32f103c8t6/libopencm3/lib/libopencm3_stm32f1.a(vector.o)
 .debug_macro   0x0000000000003fa4       0xb4 /home/pierre/stm32f103c8t6/libopencm3/lib/libopencm3_stm32f1.a(nvic.o)
 .debug_macro   0x0000000000004058       0x64 /home/pierre/stm32f103c8t6/libopencm3/lib/libopencm3_stm32f1.a(nvic.o)
 .debug_macro   0x00000000000040bc      0x1b0 /home/pierre/stm32f103c8t6/libopencm3/lib/libopencm3_stm32f1.a(nvic.o)
